// Jest Snapshot v1, https://goo.gl/fbAQLP

exports[`Menu should match the snapshot with all data passed in correctly 1`] = `
<nav>
  <button
    className="topic-button local"
    disabled={false}
    onClick={[Function]}
    type="button"
  >
    <img
      alt="map pin icon"
      className="button-icon"
      src="local.png"
    />
     Local
  </button>
  <button
    className="topic-button entertainment"
    disabled={false}
    onClick={[Function]}
    type="button"
  >
    <img
      alt="map pin icon"
      className="button-icon"
      src="entertainment.png"
    />
     Entertainment
  </button>
  <button
    className="topic-button health"
    disabled={false}
    onClick={[Function]}
    type="button"
  >
    <img
      alt="map pin icon"
      className="button-icon"
      src="health.png"
    />
     Health
  </button>
  <button
    className="topic-button science"
    disabled={false}
    onClick={[Function]}
    type="button"
  >
    <img
      alt="map pin icon"
      className="button-icon"
      src="science.png"
    />
     Science
  </button>
  <button
    className="topic-button technology"
    disabled={false}
    onClick={[Function]}
    type="button"
  >
    <img
      alt="map pin icon"
      className="button-icon"
      src="technology.png"
    />
     Technology
  </button>
</nav>
`;
